
> 0-waste-shop-food@1.0.0 build
> vite build --mode production

node.exe : Γû▓ [WARNING] Duplicate key "html2canvas" in object literal [duplicate-object-key]
At line:1 char:1
+ & "C:\Program Files\nodejs/node.exe" "C:\Program Files\nodejs/node_mo ...
+ ~~~~~~~~~~~~~~~~~~~~~~~~~~~~~~~~~~~~~~~~~~~~~~~~~~~~~~~~~~~~~~~~~~~~~
    + CategoryInfo          : NotSpecified: (Γû▓ [WARNING] D...ate-object-key]:String) [], RemoteException
    + FullyQualifiedErrorId : NativeCommandError
 

    package.json:39:4:
      39 Γöé     "html2canvas": "^1.4.1",
         Γò╡     ~~~~~~~~~~~~~

  The original key "html2canvas" is here:

    package.json:32:4:
      32 Γöé     "html2canvas": "^1.4.1",
         Γò╡     ~~~~~~~~~~~~~

Γû▓ [WARNING] Duplicate key "jspdf" in object literal [duplicate-object-key]

    package.json:40:4:
      40 Γöé     "jspdf": "^2.5.1"
         Γò╡     ~~~~~~~

  The original key "jspdf" is here:

    package.json:34:4:
      34 Γöé     "jspdf": "^4.2.1",
         Γò╡     ~~~~~~~

[33mplugin-legacy overrode 'build.target'. You should pass 'targets' as an option to this plugin with the list of lega
cy browsers to support instead.[39m
[36mvite v6.4.1 [32mbuilding for production...[36m[39m
transforming...
[32mΓ£ô[39m 71 modules transformed.
[31mΓ£ù[39m Build failed in 5.49s
[31merror during build:
[31m[vite:esbuild] Transform failed with 1 error:
C:/xampp/htdocs/0waste-shop-app-production/0wasteproduction/src/pages/Checkout.jsx:299:0: ERROR: Unexpected "}"[31m
file: [36mC:/xampp/htdocs/0waste-shop-app-production/0wasteproduction/src/pages/Checkout.jsx:299:0[31m
[33m
[33mUnexpected "}"[33m
297|    )
298|  }
299|  }
   |  ^
300|  
[31m
    at failureErrorWithLog (C:\xampp\htdocs\0waste-shop-app-production\0wasteproduction\node_modules\esbuild\lib\main.j
s:1467:15)
    at C:\xampp\htdocs\0waste-shop-app-production\0wasteproduction\node_modules\esbuild\lib\main.js:736:50
    at responseCallbacks.<computed> (C:\xampp\htdocs\0waste-shop-app-production\0wasteproduction\node_modules\esbuild\l
ib\main.js:603:9)
    at handleIncomingPacket (C:\xampp\htdocs\0waste-shop-app-production\0wasteproduction\node_modules\esbuild\lib\main.
js:658:12)
    at Socket.readFromStdout (C:\xampp\htdocs\0waste-shop-app-production\0wasteproduction\node_modules\esbuild\lib\main
.js:581:7)
    at Socket.emit (node:events:508:28)
    at addChunk (node:internal/streams/readable:559:12)
    at readableAddChunkPushByteMode (node:internal/streams/readable:510:3)
    at Readable.push (node:internal/streams/readable:390:5)
    at Pipe.onStreamRead (node:internal/stream_base_commons:189:23)[39m
